// Jest Snapshot v1, https://goo.gl/fbAQLP

exports[`<ArticleHighlightComponent /> should check and update the state when a text is highlighted 1`] = `ShallowWrapper {}`;

exports[`<ArticleHighlightComponent /> should render without crashing 1`] = `ReactWrapper {}`;

exports[`<ArticleHighlightComponent /> should render without crashing 2`] = `ShallowWrapper {}`;

exports[`<ArticleHighlightComponent /> should return a highlighted text 1`] = `ShallowWrapper {}`;

exports[`<ArticleHighlightComponent /> should return the selection range of the highlighted text 1`] = `ShallowWrapper {}`;

exports[`<ArticleHighlightComponent /> should return the starting index and stopping index of the highlighted text 1`] = `ShallowWrapper {}`;

exports[`<ArticleHighlightComponent /> should show a model containing a textarea to comment on a highlighted text 1`] = `ShallowWrapper {}`;
